Wed Jun 24 17:24:59 EDT 2026: update parameters
Wed Jun 24 17:25:00 EDT 2026: run summa
Wed Jun 24 17:25:28 EDT 2026: calculate diagnostics
Wed Jun 24 17:25:29 EDT 2026: done with calibration trial
Wed Jun 24 17:25:29 EDT 2026: update parameters
Wed Jun 24 17:25:29 EDT 2026: run summa
Wed Jun 24 17:26:13 EDT 2026: calculate diagnostics
Wed Jun 24 17:26:14 EDT 2026: done with calibration trial
Wed Jun 24 17:26:14 EDT 2026: update parameters
Wed Jun 24 17:26:14 EDT 2026: run summa
Wed Jun 24 17:26:58 EDT 2026: calculate diagnostics
Wed Jun 24 17:26:59 EDT 2026: done with calibration trial
Wed Jun 24 17:26:59 EDT 2026: update parameters
Wed Jun 24 17:26:59 EDT 2026: run summa
Wed Jun 24 17:27:20 EDT 2026: update parameters
Wed Jun 24 17:27:20 EDT 2026: run summa
Wed Jun 24 17:27:49 EDT 2026: calculate diagnostics
Wed Jun 24 17:27:50 EDT 2026: done with calibration trial
Wed Jun 24 17:27:50 EDT 2026: update parameters
Wed Jun 24 17:27:50 EDT 2026: run summa
Wed Jun 24 17:28:37 EDT 2026: calculate diagnostics
Wed Jun 24 17:28:38 EDT 2026: done with calibration trial
Wed Jun 24 17:28:39 EDT 2026: update parameters
Wed Jun 24 17:28:39 EDT 2026: run summa
Wed Jun 24 17:29:08 EDT 2026: calculate diagnostics
Wed Jun 24 17:29:09 EDT 2026: done with calibration trial
Wed Jun 24 17:29:09 EDT 2026: update parameters
Wed Jun 24 17:29:09 EDT 2026: run summa
Wed Jun 24 17:29:38 EDT 2026: calculate diagnostics
Wed Jun 24 17:29:38 EDT 2026: done with calibration trial
Wed Jun 24 17:29:38 EDT 2026: update parameters
Wed Jun 24 17:29:39 EDT 2026: run summa
Wed Jun 24 17:30:08 EDT 2026: calculate diagnostics
Wed Jun 24 17:30:09 EDT 2026: done with calibration trial
Wed Jun 24 17:30:09 EDT 2026: update parameters
Wed Jun 24 17:30:09 EDT 2026: run summa
Wed Jun 24 17:30:39 EDT 2026: calculate diagnostics
Wed Jun 24 17:30:40 EDT 2026: done with calibration trial
Wed Jun 24 17:30:40 EDT 2026: update parameters
Wed Jun 24 17:30:41 EDT 2026: run summa
Wed Jun 24 17:31:09 EDT 2026: calculate diagnostics
Wed Jun 24 17:31:10 EDT 2026: done with calibration trial
Wed Jun 24 17:31:10 EDT 2026: update parameters
Wed Jun 24 17:31:10 EDT 2026: run summa
Wed Jun 24 17:31:40 EDT 2026: calculate diagnostics
Wed Jun 24 17:31:41 EDT 2026: done with calibration trial
Wed Jun 24 17:31:41 EDT 2026: update parameters
Wed Jun 24 17:31:41 EDT 2026: run summa
Wed Jun 24 17:32:10 EDT 2026: calculate diagnostics
Wed Jun 24 17:32:11 EDT 2026: done with calibration trial
Wed Jun 24 17:32:11 EDT 2026: update parameters
Wed Jun 24 17:32:11 EDT 2026: run summa
Wed Jun 24 17:32:39 EDT 2026: calculate diagnostics
Wed Jun 24 17:32:40 EDT 2026: done with calibration trial
Wed Jun 24 17:32:40 EDT 2026: update parameters
Wed Jun 24 17:32:40 EDT 2026: run summa
Wed Jun 24 17:33:10 EDT 2026: calculate diagnostics
Wed Jun 24 17:33:10 EDT 2026: done with calibration trial
Wed Jun 24 17:33:11 EDT 2026: update parameters
Wed Jun 24 17:33:11 EDT 2026: run summa
Wed Jun 24 17:33:53 EDT 2026: calculate diagnostics
Wed Jun 24 17:33:54 EDT 2026: done with calibration trial
Wed Jun 24 17:33:54 EDT 2026: update parameters
Wed Jun 24 17:33:54 EDT 2026: run summa
Wed Jun 24 17:34:22 EDT 2026: calculate diagnostics
Wed Jun 24 17:34:23 EDT 2026: done with calibration trial
Wed Jun 24 17:34:23 EDT 2026: update parameters
Wed Jun 24 17:34:23 EDT 2026: run summa
Wed Jun 24 17:34:52 EDT 2026: calculate diagnostics
Wed Jun 24 17:34:53 EDT 2026: done with calibration trial
Wed Jun 24 17:34:53 EDT 2026: update parameters
Wed Jun 24 17:34:53 EDT 2026: run summa
Wed Jun 24 17:35:23 EDT 2026: calculate diagnostics
Wed Jun 24 17:35:24 EDT 2026: done with calibration trial
Wed Jun 24 17:35:24 EDT 2026: update parameters
Wed Jun 24 17:35:24 EDT 2026: run summa
Wed Jun 24 17:35:32 EDT 2026: update parameters
Wed Jun 24 17:35:32 EDT 2026: run summa
Wed Jun 24 17:36:01 EDT 2026: calculate diagnostics
Wed Jun 24 17:36:02 EDT 2026: done with calibration trial
Wed Jun 24 17:39:22 EDT 2026: update parameters
Wed Jun 24 17:39:22 EDT 2026: run summa
Wed Jun 24 17:39:51 EDT 2026: calculate diagnostics
Wed Jun 24 17:39:52 EDT 2026: done with calibration trial
Wed Jun 24 17:39:52 EDT 2026: update parameters
Wed Jun 24 17:39:52 EDT 2026: run summa
Wed Jun 24 17:40:40 EDT 2026: calculate diagnostics
Wed Jun 24 17:40:41 EDT 2026: done with calibration trial
Wed Jun 24 17:40:41 EDT 2026: update parameters
Wed Jun 24 17:40:41 EDT 2026: run summa
Wed Jun 24 17:41:25 EDT 2026: calculate diagnostics
Wed Jun 24 17:41:26 EDT 2026: done with calibration trial
Wed Jun 24 17:41:26 EDT 2026: update parameters
Wed Jun 24 17:41:26 EDT 2026: run summa
Wed Jun 24 17:41:46 EDT 2026: summa failed for calibration trial
Wed Jun 24 17:41:47 EDT 2026: update parameters
Wed Jun 24 17:41:47 EDT 2026: run summa
Wed Jun 24 17:42:15 EDT 2026: calculate diagnostics
Wed Jun 24 17:42:17 EDT 2026: done with calibration trial
Wed Jun 24 17:42:17 EDT 2026: update parameters
Wed Jun 24 17:42:17 EDT 2026: run summa
Wed Jun 24 17:43:05 EDT 2026: calculate diagnostics
Wed Jun 24 17:43:05 EDT 2026: done with calibration trial
Wed Jun 24 17:43:05 EDT 2026: update parameters
Wed Jun 24 17:43:06 EDT 2026: run summa
Wed Jun 24 17:43:34 EDT 2026: calculate diagnostics
Wed Jun 24 17:43:35 EDT 2026: done with calibration trial
Wed Jun 24 17:43:35 EDT 2026: update parameters
Wed Jun 24 17:43:35 EDT 2026: run summa
Wed Jun 24 17:44:04 EDT 2026: calculate diagnostics
Wed Jun 24 17:44:05 EDT 2026: done with calibration trial
Wed Jun 24 17:44:05 EDT 2026: update parameters
Wed Jun 24 17:44:05 EDT 2026: run summa
Wed Jun 24 17:44:35 EDT 2026: calculate diagnostics
Wed Jun 24 17:44:36 EDT 2026: done with calibration trial
Wed Jun 24 17:44:36 EDT 2026: update parameters
Wed Jun 24 17:44:36 EDT 2026: run summa
Wed Jun 24 17:45:04 EDT 2026: calculate diagnostics
Wed Jun 24 17:45:05 EDT 2026: done with calibration trial
Wed Jun 24 17:45:05 EDT 2026: update parameters
Wed Jun 24 17:45:05 EDT 2026: run summa
Wed Jun 24 17:45:34 EDT 2026: calculate diagnostics
Wed Jun 24 17:45:35 EDT 2026: done with calibration trial
Wed Jun 24 17:45:35 EDT 2026: update parameters
Wed Jun 24 17:45:35 EDT 2026: run summa
Wed Jun 24 17:46:03 EDT 2026: calculate diagnostics
Wed Jun 24 17:46:04 EDT 2026: done with calibration trial
Wed Jun 24 17:46:04 EDT 2026: update parameters
Wed Jun 24 17:46:04 EDT 2026: run summa
Wed Jun 24 17:46:33 EDT 2026: calculate diagnostics
Wed Jun 24 17:46:34 EDT 2026: done with calibration trial
Wed Jun 24 17:46:34 EDT 2026: update parameters
Wed Jun 24 17:46:34 EDT 2026: run summa
Wed Jun 24 17:47:02 EDT 2026: calculate diagnostics
Wed Jun 24 17:47:03 EDT 2026: done with calibration trial
Wed Jun 24 17:47:03 EDT 2026: update parameters
Wed Jun 24 17:47:03 EDT 2026: run summa
Wed Jun 24 17:47:32 EDT 2026: calculate diagnostics
Wed Jun 24 17:47:33 EDT 2026: done with calibration trial
Wed Jun 24 17:47:33 EDT 2026: update parameters
Wed Jun 24 17:47:33 EDT 2026: run summa
Wed Jun 24 17:48:16 EDT 2026: calculate diagnostics
Wed Jun 24 17:48:17 EDT 2026: done with calibration trial
Wed Jun 24 17:48:17 EDT 2026: update parameters
Wed Jun 24 17:48:17 EDT 2026: run summa
Wed Jun 24 17:48:46 EDT 2026: calculate diagnostics
Wed Jun 24 17:48:47 EDT 2026: done with calibration trial
Wed Jun 24 17:48:47 EDT 2026: update parameters
Wed Jun 24 17:48:47 EDT 2026: run summa
Wed Jun 24 17:49:17 EDT 2026: calculate diagnostics
Wed Jun 24 17:49:18 EDT 2026: done with calibration trial
Wed Jun 24 17:49:18 EDT 2026: update parameters
Wed Jun 24 17:49:18 EDT 2026: run summa
Wed Jun 24 17:49:47 EDT 2026: calculate diagnostics
Wed Jun 24 17:49:48 EDT 2026: done with calibration trial
Wed Jun 24 17:49:48 EDT 2026: update parameters
Wed Jun 24 17:49:48 EDT 2026: run summa
Wed Jun 24 17:49:56 EDT 2026: summa failed for calibration trial
Wed Jun 24 17:49:56 EDT 2026: update parameters
Wed Jun 24 17:49:56 EDT 2026: run summa
Wed Jun 24 17:50:26 EDT 2026: calculate diagnostics
Wed Jun 24 17:50:27 EDT 2026: done with calibration trial
